/*---------------------------------------------------------------------------*\
  =========                 |
  \\      /  F ield         | OpenFOAM: The Open Source CFD Toolbox
   \\    /   O peration     | Website:  https://openfoam.org
    \\  /    A nd           | Version:  7
     \\/     M anipulation  |
\*---------------------------------------------------------------------------*/
Build  : 7-63349425784a
Exec   : /home/bmanden/OpenFOAM-7/platforms/linux64GccDPInt32Opt/bin/decomposePar -force
Date   : Sep 03 2025
Time   : 15:24:00
Host   : "cmp300"
PID    : 3798371
I/O    : uncollated
Case   : /scratch/bmanden/FZK-Haus_2/005m_directions/90_degrees
nProcs : 1
sigFpe : Enabling floating point exception trapping (FOAM_SIGFPE).
fileModificationChecking : Monitoring run-time modified files using timeStampMaster (fileModificationSkew 10)
allowSystemOperations : Allowing user-supplied system call operations

// * * * * * * * * * * * * * * * * * * * * * * * * * * * * * * * * * * * * * //
Create time

Removing 0 existing processor directories


Decomposing mesh region0

Create mesh

Calculating distribution of cells
 Foam::decompositionMethod::New 
{
    numberOfSubdomains 32;
    method          hierarchical;
    hierarchicalCoeffs
    {
        n               ( 4 4 2 );
        delta           0.001;
        order           xyz;
    }
    distributed     no;
}

Selecting decompositionMethod hierarchical

Finished decomposition in 6.84 s

Calculating original mesh data

Distributing cells to processors

Distributing faces to processors

Distributing points to processors

Constructing processor meshes

Processor 0
    Number of cells = 539033
    Number of faces shared with processor 1 = 2814
    Number of faces shared with processor 4 = 3358
    Number of faces shared with processor 16 = 104166
    Number of processor patches = 3
    Number of processor faces = 110338
    Number of boundary faces = 105282

Processor 1
    Number of cells = 539033
    Number of faces shared with processor 0 = 2814
    Number of faces shared with processor 2 = 4448
    Number of faces shared with processor 4 = 1420
    Number of faces shared with processor 5 = 2089
    Number of faces shared with processor 16 = 1011
    Number of faces shared with processor 17 = 100415
    Number of faces shared with processor 18 = 1
    Number of processor patches = 7
    Number of processor faces = 112198
    Number of boundary faces = 100292

Processor 2
    Number of cells = 539033
    Number of faces shared with processor 1 = 4448
    Number of faces shared with processor 3 = 3550
    Number of faces shared with processor 5 = 5
    Number of faces shared with processor 6 = 2103
    Number of faces shared with processor 7 = 1422
    Number of faces shared with processor 17 = 253
    Number of faces shared with processor 18 = 100403
    Number of processor patches = 7
    Number of processor faces = 112184
    Number of boundary faces = 100246

Processor 3
    Number of cells = 539034
    Number of faces shared with processor 2 = 3550
    Number of faces shared with processor 7 = 3088
    Number of faces shared with processor 18 = 146
    Number of faces shared with processor 19 = 104370
    Number of processor patches = 4
    Number of processor faces = 111154
    Number of boundary faces = 104876

Processor 4
    Number of cells = 539033
    Number of faces shared with processor 0 = 3358
    Number of faces shared with processor 1 = 1420
    Number of faces shared with processor 5 = 705
    Number of faces shared with processor 8 = 3545
    Number of faces shared with processor 9 = 4
    Number of faces shared with processor 16 = 799
    Number of faces shared with processor 20 = 102177
    Number of processor patches = 7
    Number of processor faces = 112008
    Number of boundary faces = 101954

Processor 5
    Number of cells = 539033
    Number of faces shared with processor 1 = 2089
    Number of faces shared with processor 2 = 5
    Number of faces shared with processor 4 = 705
    Number of faces shared with processor 6 = 1212
    Number of faces shared with processor 9 = 2256
    Number of faces shared with processor 17 = 2376
    Number of faces shared with processor 18 = 9
    Number of faces shared with processor 20 = 1070
    Number of faces shared with processor 21 = 16166
    Number of processor patches = 9
    Number of processor faces = 25888
    Number of boundary faces = 61999

Processor 6
    Number of cells = 539033
    Number of faces shared with processor 2 = 2103
    Number of faces shared with processor 5 = 1212
    Number of faces shared with processor 7 = 967
    Number of faces shared with processor 10 = 2114
    Number of faces shared with processor 11 = 6
    Number of faces shared with processor 18 = 2425
    Number of faces shared with processor 21 = 53
    Number of faces shared with processor 22 = 16004
    Number of faces shared with processor 23 = 715
    Number of faces shared with processor 27 = 3
    Number of processor patches = 10
    Number of processor faces = 25602
    Number of boundary faces = 61833

Processor 7
    Number of cells = 539034
    Number of faces shared with processor 2 = 1422
    Number of faces shared with processor 3 = 3088
    Number of faces shared with processor 6 = 967
    Number of faces shared with processor 11 = 3129
    Number of faces shared with processor 18 = 284
    Number of faces shared with processor 19 = 665
    Number of faces shared with processor 23 = 102186
    Number of processor patches = 7
    Number of processor faces = 111741
    Number of boundary faces = 101637

Processor 8
    Number of cells = 539033
    Number of faces shared with processor 4 = 3545
    Number of faces shared with processor 9 = 805
    Number of faces shared with processor 12 = 3682
    Number of faces shared with processor 13 = 1282
    Number of faces shared with processor 20 = 399
    Number of faces shared with processor 24 = 102084
    Number of processor patches = 6
    Number of processor faces = 111797
    Number of boundary faces = 101867

Processor 9
    Number of cells = 539033
    Number of faces shared with processor 4 = 4
    Number of faces shared with processor 5 = 2256
    Number of faces shared with processor 8 = 805
    Number of faces shared with processor 10 = 1159
    Number of faces shared with processor 13 = 2522
    Number of faces shared with processor 20 = 5
    Number of faces shared with processor 21 = 100
    Number of faces shared with processor 24 = 956
    Number of faces shared with processor 25 = 16043
    Number of faces shared with processor 29 = 1856
    Number of processor patches = 10
    Number of processor faces = 25706
    Number of boundary faces = 61877

Processor 10
    Number of cells = 539033
    Number of faces shared with processor 6 = 2114
    Number of faces shared with processor 9 = 1159
    Number of faces shared with processor 11 = 973
    Number of faces shared with processor 13 = 8
    Number of faces shared with processor 14 = 2520
    Number of faces shared with processor 22 = 54
    Number of faces shared with processor 25 = 52
    Number of faces shared with processor 26 = 16242
    Number of faces shared with processor 27 = 721
    Number of faces shared with processor 29 = 9
    Number of faces shared with processor 30 = 1830
    Number of processor patches = 11
    Number of processor faces = 25682
    Number of boundary faces = 62032

Processor 11
    Number of cells = 539034
    Number of faces shared with processor 6 = 6
    Number of faces shared with processor 7 = 3129
    Number of faces shared with processor 10 = 973
    Number of faces shared with processor 14 = 1507
    Number of faces shared with processor 15 = 3222
    Number of faces shared with processor 23 = 448
    Number of faces shared with processor 27 = 102211
    Number of faces shared with processor 30 = 192
    Number of processor patches = 8
    Number of processor faces = 111688
    Number of boundary faces = 101726

Processor 12
    Number of cells = 539035
    Number of faces shared with processor 8 = 3682
    Number of faces shared with processor 13 = 2623
    Number of faces shared with processor 24 = 583
    Number of faces shared with processor 28 = 104331
    Number of processor patches = 4
    Number of processor faces = 111219
    Number of boundary faces = 104881

Processor 13
    Number of cells = 539035
    Number of faces shared with processor 8 = 1282
    Number of faces shared with processor 9 = 2522
    Number of faces shared with processor 10 = 8
    Number of faces shared with processor 12 = 2623
    Number of faces shared with processor 14 = 3718
    Number of faces shared with processor 24 = 422
    Number of faces shared with processor 28 = 290
    Number of faces shared with processor 29 = 100611
    Number of processor patches = 8
    Number of processor faces = 111476
    Number of boundary faces = 100114

Processor 14
    Number of cells = 539035
    Number of faces shared with processor 10 = 2520
    Number of faces shared with processor 11 = 1507
    Number of faces shared with processor 13 = 3718
    Number of faces shared with processor 15 = 2665
    Number of faces shared with processor 29 = 365
    Number of faces shared with processor 30 = 100638
    Number of processor patches = 6
    Number of processor faces = 111413
    Number of boundary faces = 100151

Processor 15
    Number of cells = 539035
    Number of faces shared with processor 11 = 3222
    Number of faces shared with processor 14 = 2665
    Number of faces shared with processor 27 = 796
    Number of faces shared with processor 30 = 848
    Number of faces shared with processor 31 = 104140
    Number of processor patches = 5
    Number of processor faces = 111671
    Number of boundary faces = 104505

Processor 16
    Number of cells = 539034
    Number of faces shared with processor 0 = 104166
    Number of faces shared with processor 1 = 1011
    Number of faces shared with processor 4 = 799
    Number of faces shared with processor 17 = 5580
    Number of faces shared with processor 20 = 6782
    Number of processor patches = 5
    Number of processor faces = 118338
    Number of boundary faces = 2577

Processor 17
    Number of cells = 539034
    Number of faces shared with processor 1 = 100415
    Number of faces shared with processor 2 = 253
    Number of faces shared with processor 5 = 2376
    Number of faces shared with processor 16 = 5580
    Number of faces shared with processor 18 = 8252
    Number of faces shared with processor 20 = 4043
    Number of faces shared with processor 21 = 3775
    Number of processor patches = 7
    Number of processor faces = 124694
    Number of boundary faces = 377

Processor 18
    Number of cells = 539034
    Number of faces shared with processor 1 = 1
    Number of faces shared with processor 2 = 100403
    Number of faces shared with processor 3 = 146
    Number of faces shared with processor 5 = 9
    Number of faces shared with processor 6 = 2425
    Number of faces shared with processor 7 = 284
    Number of faces shared with processor 17 = 8252
    Number of faces shared with processor 19 = 5703
    Number of faces shared with processor 21 = 13
    Number of faces shared with processor 22 = 3757
    Number of faces shared with processor 23 = 3781
    Number of processor patches = 11
    Number of processor faces = 124774
    Number of boundary faces = 419

Processor 19
    Number of cells = 539034
    Number of faces shared with processor 3 = 104370
    Number of faces shared with processor 7 = 665
    Number of faces shared with processor 18 = 5703
    Number of faces shared with processor 23 = 7199
    Number of processor patches = 4
    Number of processor faces = 117937
    Number of boundary faces = 2989

Processor 20
    Number of cells = 539034
    Number of faces shared with processor 4 = 102177
    Number of faces shared with processor 5 = 1070
    Number of faces shared with processor 8 = 399
    Number of faces shared with processor 9 = 5
    Number of faces shared with processor 16 = 6782
    Number of faces shared with processor 17 = 4043
    Number of faces shared with processor 21 = 1407
    Number of faces shared with processor 24 = 6994
    Number of processor patches = 8
    Number of processor faces = 122877
    Number of boundary faces = 609

Processor 21
    Number of cells = 539034
    Number of faces shared with processor 5 = 16166
    Number of faces shared with processor 6 = 53
    Number of faces shared with processor 9 = 100
    Number of faces shared with processor 17 = 3775
    Number of faces shared with processor 18 = 13
    Number of faces shared with processor 20 = 1407
    Number of faces shared with processor 22 = 4057
    Number of faces shared with processor 25 = 5844
    Number of processor patches = 8
    Number of processor faces = 31415
    Number of boundary faces = 52383

Processor 22
    Number of cells = 539034
    Number of faces shared with processor 6 = 16004
    Number of faces shared with processor 10 = 54
    Number of faces shared with processor 18 = 3757
    Number of faces shared with processor 21 = 4057
    Number of faces shared with processor 23 = 1476
    Number of faces shared with processor 25 = 11
    Number of faces shared with processor 26 = 6025
    Number of faces shared with processor 27 = 3
    Number of processor patches = 8
    Number of processor faces = 31387
    Number of boundary faces = 52731

Processor 23
    Number of cells = 539034
    Number of faces shared with processor 6 = 715
    Number of faces shared with processor 7 = 102186
    Number of faces shared with processor 11 = 448
    Number of faces shared with processor 18 = 3781
    Number of faces shared with processor 19 = 7199
    Number of faces shared with processor 22 = 1476
    Number of faces shared with processor 27 = 7359
    Number of processor patches = 7
    Number of processor faces = 123164
    Number of boundary faces = 797

Processor 24
    Number of cells = 539034
    Number of faces shared with processor 8 = 102084
    Number of faces shared with processor 9 = 956
    Number of faces shared with processor 12 = 583
    Number of faces shared with processor 13 = 422
    Number of faces shared with processor 20 = 6994
    Number of faces shared with processor 25 = 1392
    Number of faces shared with processor 28 = 6684
    Number of faces shared with processor 29 = 3779
    Number of processor patches = 8
    Number of processor faces = 122894
    Number of boundary faces = 570

Processor 25
    Number of cells = 539034
    Number of faces shared with processor 9 = 16043
    Number of faces shared with processor 10 = 52
    Number of faces shared with processor 21 = 5844
    Number of faces shared with processor 22 = 11
    Number of faces shared with processor 24 = 1392
    Number of faces shared with processor 26 = 4067
    Number of faces shared with processor 29 = 3872
    Number of faces shared with processor 30 = 1
    Number of processor patches = 8
    Number of processor faces = 31282
    Number of boundary faces = 52604

Processor 26
    Number of cells = 539034
    Number of faces shared with processor 10 = 16242
    Number of faces shared with processor 22 = 6025
    Number of faces shared with processor 25 = 4067
    Number of faces shared with processor 27 = 1478
    Number of faces shared with processor 29 = 3
    Number of faces shared with processor 30 = 3908
    Number of processor patches = 6
    Number of processor faces = 31723
    Number of boundary faces = 52231

Processor 27
    Number of cells = 539034
    Number of faces shared with processor 6 = 3
    Number of faces shared with processor 10 = 721
    Number of faces shared with processor 11 = 102211
    Number of faces shared with processor 15 = 796
    Number of faces shared with processor 22 = 3
    Number of faces shared with processor 23 = 7359
    Number of faces shared with processor 26 = 1478
    Number of faces shared with processor 30 = 3764
    Number of faces shared with processor 31 = 6911
    Number of processor patches = 9
    Number of processor faces = 123246
    Number of boundary faces = 821

Processor 28
    Number of cells = 539035
    Number of faces shared with processor 12 = 104331
    Number of faces shared with processor 13 = 290
    Number of faces shared with processor 24 = 6684
    Number of faces shared with processor 29 = 6487
    Number of processor patches = 4
    Number of processor faces = 117792
    Number of boundary faces = 2989

Processor 29
    Number of cells = 539035
    Number of faces shared with processor 9 = 1856
    Number of faces shared with processor 10 = 9
    Number of faces shared with processor 13 = 100611
    Number of faces shared with processor 14 = 365
    Number of faces shared with processor 24 = 3779
    Number of faces shared with processor 25 = 3872
    Number of faces shared with processor 26 = 3
    Number of faces shared with processor 28 = 6487
    Number of faces shared with processor 30 = 8838
    Number of processor patches = 9
    Number of processor faces = 125820
    Number of boundary faces = 561

Processor 30
    Number of cells = 539035
    Number of faces shared with processor 10 = 1830
    Number of faces shared with processor 11 = 192
    Number of faces shared with processor 14 = 100638
    Number of faces shared with processor 15 = 848
    Number of faces shared with processor 25 = 1
    Number of faces shared with processor 26 = 3908
    Number of faces shared with processor 27 = 3764
    Number of faces shared with processor 29 = 8838
    Number of faces shared with processor 31 = 5902
    Number of processor patches = 9
    Number of processor faces = 125921
    Number of boundary faces = 556

Processor 31
    Number of cells = 539035
    Number of faces shared with processor 15 = 104140
    Number of faces shared with processor 27 = 6911
    Number of faces shared with processor 30 = 5902
    Number of processor patches = 3
    Number of processor faces = 116953
    Number of boundary faces = 3358

Number of processor faces = 1515991
Max number of cells = 539035 (0.0001913145% above average 539034)
Max number of processor patches = 11 (55.75221% above average 7.0625)
Max number of faces between processors = 125921 (32.89894% above average 94749.44)

Time = 0
Using #calcEntry at line 19 in file "/scratch/bmanden/FZK-Haus_2/005m_directions/90_degrees/0/epsilon"
Using #codeStream with "/scratch/bmanden/FZK-Haus_2/005m_directions/90_degrees/dynamicCode/platforms/linux64GccDPInt32Opt/lib/libcodeStream_c9715bde3e4dd22a216b4301fa46a1bb2b8cd2a3.so"
Creating new library in "dynamicCode/_c9715bde3e4dd22a216b4301fa46a1bb2b8cd2a3/platforms/linux64GccDPInt32Opt/lib/libcodeStream_c9715bde3e4dd22a216b4301fa46a1bb2b8cd2a3.so"
Invoking "wmake -s libso /scratch/bmanden/FZK-Haus_2/005m_directions/90_degrees/dynamicCode/_c9715bde3e4dd22a216b4301fa46a1bb2b8cd2a3"
wmake libso /scratch/bmanden/FZK-Haus_2/005m_directions/90_degrees/dynamicCode/_c9715bde3e4dd22a216b4301fa46a1bb2b8cd2a3
    ln: ./lnInclude
    wmkdep: codeStreamTemplate.C
    Ctoo: codeStreamTemplate.C
    ld: /scratch/bmanden/FZK-Haus_2/005m_directions/90_degrees/dynamicCode/_c9715bde3e4dd22a216b4301fa46a1bb2b8cd2a3/../platforms/linux64GccDPInt32Opt/lib/libcodeStream_c9715bde3e4dd22a216b4301fa46a1bb2b8cd2a3.so
Using #calcEntry at line 20 in file "/scratch/bmanden/FZK-Haus_2/005m_directions/90_degrees/0/epsilon"
Using #codeStream with "/scratch/bmanden/FZK-Haus_2/005m_directions/90_degrees/dynamicCode/platforms/linux64GccDPInt32Opt/lib/libcodeStream_f52e32342f135d273295ccb99269cad2cde97086.so"
Creating new library in "dynamicCode/_f52e32342f135d273295ccb99269cad2cde97086/platforms/linux64GccDPInt32Opt/lib/libcodeStream_f52e32342f135d273295ccb99269cad2cde97086.so"
Invoking "wmake -s libso /scratch/bmanden/FZK-Haus_2/005m_directions/90_degrees/dynamicCode/_f52e32342f135d273295ccb99269cad2cde97086"
wmake libso /scratch/bmanden/FZK-Haus_2/005m_directions/90_degrees/dynamicCode/_f52e32342f135d273295ccb99269cad2cde97086
    ln: ./lnInclude
    wmkdep: codeStreamTemplate.C
    Ctoo: codeStreamTemplate.C
    ld: /scratch/bmanden/FZK-Haus_2/005m_directions/90_degrees/dynamicCode/_f52e32342f135d273295ccb99269cad2cde97086/../platforms/linux64GccDPInt32Opt/lib/libcodeStream_f52e32342f135d273295ccb99269cad2cde97086.so
Using #calcEntry at line 21 in file "/scratch/bmanden/FZK-Haus_2/005m_directions/90_degrees/0/epsilon"
Using #codeStream with "/scratch/bmanden/FZK-Haus_2/005m_directions/90_degrees/dynamicCode/platforms/linux64GccDPInt32Opt/lib/libcodeStream_06a5e7bf0ecf8b02d674b93f3effb48fb03d4ca8.so"
Creating new library in "dynamicCode/_06a5e7bf0ecf8b02d674b93f3effb48fb03d4ca8/platforms/linux64GccDPInt32Opt/lib/libcodeStream_06a5e7bf0ecf8b02d674b93f3effb48fb03d4ca8.so"
Invoking "wmake -s libso /scratch/bmanden/FZK-Haus_2/005m_directions/90_degrees/dynamicCode/_06a5e7bf0ecf8b02d674b93f3effb48fb03d4ca8"
wmake libso /scratch/bmanden/FZK-Haus_2/005m_directions/90_degrees/dynamicCode/_06a5e7bf0ecf8b02d674b93f3effb48fb03d4ca8
    ln: ./lnInclude
    wmkdep: codeStreamTemplate.C
    Ctoo: codeStreamTemplate.C
    ld: /scratch/bmanden/FZK-Haus_2/005m_directions/90_degrees/dynamicCode/_06a5e7bf0ecf8b02d674b93f3effb48fb03d4ca8/../platforms/linux64GccDPInt32Opt/lib/libcodeStream_06a5e7bf0ecf8b02d674b93f3effb48fb03d4ca8.so
Using #calcEntry at line 23 in file "/scratch/bmanden/FZK-Haus_2/005m_directions/90_degrees/0/epsilon"
Using #codeStream with "/scratch/bmanden/FZK-Haus_2/005m_directions/90_degrees/dynamicCode/platforms/linux64GccDPInt32Opt/lib/libcodeStream_a428f8877e5edcf2fd7ae2ee46dd528efaaee1c2.so"
Creating new library in "dynamicCode/_a428f8877e5edcf2fd7ae2ee46dd528efaaee1c2/platforms/linux64GccDPInt32Opt/lib/libcodeStream_a428f8877e5edcf2fd7ae2ee46dd528efaaee1c2.so"
Invoking "wmake -s libso /scratch/bmanden/FZK-Haus_2/005m_directions/90_degrees/dynamicCode/_a428f8877e5edcf2fd7ae2ee46dd528efaaee1c2"
wmake libso /scratch/bmanden/FZK-Haus_2/005m_directions/90_degrees/dynamicCode/_a428f8877e5edcf2fd7ae2ee46dd528efaaee1c2
    ln: ./lnInclude
    wmkdep: codeStreamTemplate.C
    Ctoo: codeStreamTemplate.C
    ld: /scratch/bmanden/FZK-Haus_2/005m_directions/90_degrees/dynamicCode/_a428f8877e5edcf2fd7ae2ee46dd528efaaee1c2/../platforms/linux64GccDPInt32Opt/lib/libcodeStream_a428f8877e5edcf2fd7ae2ee46dd528efaaee1c2.so
Using #calcEntry at line 24 in file "/scratch/bmanden/FZK-Haus_2/005m_directions/90_degrees/0/epsilon"
Using #codeStream with "/scratch/bmanden/FZK-Haus_2/005m_directions/90_degrees/dynamicCode/platforms/linux64GccDPInt32Opt/lib/libcodeStream_2cc4594fec31d1e5b9197b73445455da31ae77eb.so"
Creating new library in "dynamicCode/_2cc4594fec31d1e5b9197b73445455da31ae77eb/platforms/linux64GccDPInt32Opt/lib/libcodeStream_2cc4594fec31d1e5b9197b73445455da31ae77eb.so"
Invoking "wmake -s libso /scratch/bmanden/FZK-Haus_2/005m_directions/90_degrees/dynamicCode/_2cc4594fec31d1e5b9197b73445455da31ae77eb"
wmake libso /scratch/bmanden/FZK-Haus_2/005m_directions/90_degrees/dynamicCode/_2cc4594fec31d1e5b9197b73445455da31ae77eb
    ln: ./lnInclude
    wmkdep: codeStreamTemplate.C
    Ctoo: codeStreamTemplate.C
    ld: /scratch/bmanden/FZK-Haus_2/005m_directions/90_degrees/dynamicCode/_2cc4594fec31d1e5b9197b73445455da31ae77eb/../platforms/linux64GccDPInt32Opt/lib/libcodeStream_2cc4594fec31d1e5b9197b73445455da31ae77eb.so
Using #calcEntry at line 25 in file "/scratch/bmanden/FZK-Haus_2/005m_directions/90_degrees/0/epsilon"
Using #codeStream with "/scratch/bmanden/FZK-Haus_2/005m_directions/90_degrees/dynamicCode/platforms/linux64GccDPInt32Opt/lib/libcodeStream_32127c5e07922041d12d8ec0eb92ef3c0038d0ff.so"
Creating new library in "dynamicCode/_32127c5e07922041d12d8ec0eb92ef3c0038d0ff/platforms/linux64GccDPInt32Opt/lib/libcodeStream_32127c5e07922041d12d8ec0eb92ef3c0038d0ff.so"
Invoking "wmake -s libso /scratch/bmanden/FZK-Haus_2/005m_directions/90_degrees/dynamicCode/_32127c5e07922041d12d8ec0eb92ef3c0038d0ff"
wmake libso /scratch/bmanden/FZK-Haus_2/005m_directions/90_degrees/dynamicCode/_32127c5e07922041d12d8ec0eb92ef3c0038d0ff
    ln: ./lnInclude
    wmkdep: codeStreamTemplate.C
    Ctoo: codeStreamTemplate.C
    ld: /scratch/bmanden/FZK-Haus_2/005m_directions/90_degrees/dynamicCode/_32127c5e07922041d12d8ec0eb92ef3c0038d0ff/../platforms/linux64GccDPInt32Opt/lib/libcodeStream_32127c5e07922041d12d8ec0eb92ef3c0038d0ff.so
Using #calcEntry at line 26 in file "/scratch/bmanden/FZK-Haus_2/005m_directions/90_degrees/0/epsilon"
Using #codeStream with "/scratch/bmanden/FZK-Haus_2/005m_directions/90_degrees/dynamicCode/platforms/linux64GccDPInt32Opt/lib/libcodeStream_fe169d8eb47b084f354a65eac08c0cd5bf50276a.so"
Creating new library in "dynamicCode/_fe169d8eb47b084f354a65eac08c0cd5bf50276a/platforms/linux64GccDPInt32Opt/lib/libcodeStream_fe169d8eb47b084f354a65eac08c0cd5bf50276a.so"
Invoking "wmake -s libso /scratch/bmanden/FZK-Haus_2/005m_directions/90_degrees/dynamicCode/_fe169d8eb47b084f354a65eac08c0cd5bf50276a"
wmake libso /scratch/bmanden/FZK-Haus_2/005m_directions/90_degrees/dynamicCode/_fe169d8eb47b084f354a65eac08c0cd5bf50276a
    ln: ./lnInclude
    wmkdep: codeStreamTemplate.C
    Ctoo: codeStreamTemplate.C
    ld: /scratch/bmanden/FZK-Haus_2/005m_directions/90_degrees/dynamicCode/_fe169d8eb47b084f354a65eac08c0cd5bf50276a/../platforms/linux64GccDPInt32Opt/lib/libcodeStream_fe169d8eb47b084f354a65eac08c0cd5bf50276a.so
Using #calcEntry at line 27 in file "/scratch/bmanden/FZK-Haus_2/005m_directions/90_degrees/0/epsilon"
Using #calcEntry at line 28 in file "/scratch/bmanden/FZK-Haus_2/005m_directions/90_degrees/0/epsilon"
Using #codeStream with "/scratch/bmanden/FZK-Haus_2/005m_directions/90_degrees/dynamicCode/platforms/linux64GccDPInt32Opt/lib/libcodeStream_1df8ab47e96f9e5ebc43d2c5d0cf8502678884e1.so"
Creating new library in "dynamicCode/_1df8ab47e96f9e5ebc43d2c5d0cf8502678884e1/platforms/linux64GccDPInt32Opt/lib/libcodeStream_1df8ab47e96f9e5ebc43d2c5d0cf8502678884e1.so"
Invoking "wmake -s libso /scratch/bmanden/FZK-Haus_2/005m_directions/90_degrees/dynamicCode/_1df8ab47e96f9e5ebc43d2c5d0cf8502678884e1"
wmake libso /scratch/bmanden/FZK-Haus_2/005m_directions/90_degrees/dynamicCode/_1df8ab47e96f9e5ebc43d2c5d0cf8502678884e1
    ln: ./lnInclude
    wmkdep: codeStreamTemplate.C
    Ctoo: codeStreamTemplate.C
    ld: /scratch/bmanden/FZK-Haus_2/005m_directions/90_degrees/dynamicCode/_1df8ab47e96f9e5ebc43d2c5d0cf8502678884e1/../platforms/linux64GccDPInt32Opt/lib/libcodeStream_1df8ab47e96f9e5ebc43d2c5d0cf8502678884e1.so
Using #calcEntry at line 29 in file "/scratch/bmanden/FZK-Haus_2/005m_directions/90_degrees/0/epsilon"
Using #codeStream with "/scratch/bmanden/FZK-Haus_2/005m_directions/90_degrees/dynamicCode/platforms/linux64GccDPInt32Opt/lib/libcodeStream_aad52b84cc1682eefe4e32f7120becaafdb9b47e.so"
Creating new library in "dynamicCode/_aad52b84cc1682eefe4e32f7120becaafdb9b47e/platforms/linux64GccDPInt32Opt/lib/libcodeStream_aad52b84cc1682eefe4e32f7120becaafdb9b47e.so"
Invoking "wmake -s libso /scratch/bmanden/FZK-Haus_2/005m_directions/90_degrees/dynamicCode/_aad52b84cc1682eefe4e32f7120becaafdb9b47e"
wmake libso /scratch/bmanden/FZK-Haus_2/005m_directions/90_degrees/dynamicCode/_aad52b84cc1682eefe4e32f7120becaafdb9b47e
    ln: ./lnInclude
    wmkdep: codeStreamTemplate.C
    Ctoo: codeStreamTemplate.C
    ld: /scratch/bmanden/FZK-Haus_2/005m_directions/90_degrees/dynamicCode/_aad52b84cc1682eefe4e32f7120becaafdb9b47e/../platforms/linux64GccDPInt32Opt/lib/libcodeStream_aad52b84cc1682eefe4e32f7120becaafdb9b47e.so
Using #calcEntry at line 31 in file "/scratch/bmanden/FZK-Haus_2/005m_directions/90_degrees/0/epsilon"
Using #codeStream with "/scratch/bmanden/FZK-Haus_2/005m_directions/90_degrees/dynamicCode/platforms/linux64GccDPInt32Opt/lib/libcodeStream_90e68bb4cc8bf5046cd4c1dc414bb0efcf9e7dc0.so"
Creating new library in "dynamicCode/_90e68bb4cc8bf5046cd4c1dc414bb0efcf9e7dc0/platforms/linux64GccDPInt32Opt/lib/libcodeStream_90e68bb4cc8bf5046cd4c1dc414bb0efcf9e7dc0.so"
Invoking "wmake -s libso /scratch/bmanden/FZK-Haus_2/005m_directions/90_degrees/dynamicCode/_90e68bb4cc8bf5046cd4c1dc414bb0efcf9e7dc0"
wmake libso /scratch/bmanden/FZK-Haus_2/005m_directions/90_degrees/dynamicCode/_90e68bb4cc8bf5046cd4c1dc414bb0efcf9e7dc0
    ln: ./lnInclude
    wmkdep: codeStreamTemplate.C
    Ctoo: codeStreamTemplate.C
    ld: /scratch/bmanden/FZK-Haus_2/005m_directions/90_degrees/dynamicCode/_90e68bb4cc8bf5046cd4c1dc414bb0efcf9e7dc0/../platforms/linux64GccDPInt32Opt/lib/libcodeStream_90e68bb4cc8bf5046cd4c1dc414bb0efcf9e7dc0.so
Using #calcEntry at line 32 in file "/scratch/bmanden/FZK-Haus_2/005m_directions/90_degrees/0/epsilon"
Using #codeStream with "/scratch/bmanden/FZK-Haus_2/005m_directions/90_degrees/dynamicCode/platforms/linux64GccDPInt32Opt/lib/libcodeStream_080e2301431e69e3305590c9770364205729d785.so"
Creating new library in "dynamicCode/_080e2301431e69e3305590c9770364205729d785/platforms/linux64GccDPInt32Opt/lib/libcodeStream_080e2301431e69e3305590c9770364205729d785.so"
Invoking "wmake -s libso /scratch/bmanden/FZK-Haus_2/005m_directions/90_degrees/dynamicCode/_080e2301431e69e3305590c9770364205729d785"
wmake libso /scratch/bmanden/FZK-Haus_2/005m_directions/90_degrees/dynamicCode/_080e2301431e69e3305590c9770364205729d785
    ln: ./lnInclude
    wmkdep: codeStreamTemplate.C
    Ctoo: codeStreamTemplate.C
    ld: /scratch/bmanden/FZK-Haus_2/005m_directions/90_degrees/dynamicCode/_080e2301431e69e3305590c9770364205729d785/../platforms/linux64GccDPInt32Opt/lib/libcodeStream_080e2301431e69e3305590c9770364205729d785.so
Using #calcEntry at line 19 in file "/scratch/bmanden/FZK-Haus_2/005m_directions/90_degrees/0/epsilon.boundaryField"
Using #calcEntry at line 20 in file "/scratch/bmanden/FZK-Haus_2/005m_directions/90_degrees/0/epsilon.boundaryField"
Using #calcEntry at line 21 in file "/scratch/bmanden/FZK-Haus_2/005m_directions/90_degrees/0/epsilon.boundaryField"
Using #calcEntry at line 23 in file "/scratch/bmanden/FZK-Haus_2/005m_directions/90_degrees/0/epsilon.boundaryField"
Using #calcEntry at line 24 in file "/scratch/bmanden/FZK-Haus_2/005m_directions/90_degrees/0/epsilon.boundaryField"
Using #calcEntry at line 25 in file "/scratch/bmanden/FZK-Haus_2/005m_directions/90_degrees/0/epsilon.boundaryField"
Using #calcEntry at line 26 in file "/scratch/bmanden/FZK-Haus_2/005m_directions/90_degrees/0/epsilon.boundaryField"
Using #calcEntry at line 27 in file "/scratch/bmanden/FZK-Haus_2/005m_directions/90_degrees/0/epsilon.boundaryField"
Using #calcEntry at line 28 in file "/scratch/bmanden/FZK-Haus_2/005m_directions/90_degrees/0/epsilon.boundaryField"
Using #calcEntry at line 29 in file "/scratch/bmanden/FZK-Haus_2/005m_directions/90_degrees/0/epsilon.boundaryField"
Using #calcEntry at line 31 in file "/scratch/bmanden/FZK-Haus_2/005m_directions/90_degrees/0/epsilon.boundaryField"
Using #calcEntry at line 32 in file "/scratch/bmanden/FZK-Haus_2/005m_directions/90_degrees/0/epsilon.boundaryField"
Using #calcEntry at line 19 in file "/scratch/bmanden/FZK-Haus_2/005m_directions/90_degrees/0/k"
Using #calcEntry at line 20 in file "/scratch/bmanden/FZK-Haus_2/005m_directions/90_degrees/0/k"
Using #calcEntry at line 21 in file "/scratch/bmanden/FZK-Haus_2/005m_directions/90_degrees/0/k"
Using #calcEntry at line 23 in file "/scratch/bmanden/FZK-Haus_2/005m_directions/90_degrees/0/k"
Using #calcEntry at line 24 in file "/scratch/bmanden/FZK-Haus_2/005m_directions/90_degrees/0/k"
Using #calcEntry at line 25 in file "/scratch/bmanden/FZK-Haus_2/005m_directions/90_degrees/0/k"
Using #calcEntry at line 26 in file "/scratch/bmanden/FZK-Haus_2/005m_directions/90_degrees/0/k"
Using #calcEntry at line 27 in file "/scratch/bmanden/FZK-Haus_2/005m_directions/90_degrees/0/k"
Using #calcEntry at line 28 in file "/scratch/bmanden/FZK-Haus_2/005m_directions/90_degrees/0/k"
Using #calcEntry at line 29 in file "/scratch/bmanden/FZK-Haus_2/005m_directions/90_degrees/0/k"
Using #calcEntry at line 31 in file "/scratch/bmanden/FZK-Haus_2/005m_directions/90_degrees/0/k"
Using #calcEntry at line 32 in file "/scratch/bmanden/FZK-Haus_2/005m_directions/90_degrees/0/k"
Using #calcEntry at line 19 in file "/scratch/bmanden/FZK-Haus_2/005m_directions/90_degrees/0/k.boundaryField"
Using #calcEntry at line 20 in file "/scratch/bmanden/FZK-Haus_2/005m_directions/90_degrees/0/k.boundaryField"
Using #calcEntry at line 21 in file "/scratch/bmanden/FZK-Haus_2/005m_directions/90_degrees/0/k.boundaryField"
Using #calcEntry at line 23 in file "/scratch/bmanden/FZK-Haus_2/005m_directions/90_degrees/0/k.boundaryField"
Using #calcEntry at line 24 in file "/scratch/bmanden/FZK-Haus_2/005m_directions/90_degrees/0/k.boundaryField"
Using #calcEntry at line 25 in file "/scratch/bmanden/FZK-Haus_2/005m_directions/90_degrees/0/k.boundaryField"
Using #calcEntry at line 26 in file "/scratch/bmanden/FZK-Haus_2/005m_directions/90_degrees/0/k.boundaryField"
Using #calcEntry at line 27 in file "/scratch/bmanden/FZK-Haus_2/005m_directions/90_degrees/0/k.boundaryField"
Using #calcEntry at line 28 in file "/scratch/bmanden/FZK-Haus_2/005m_directions/90_degrees/0/k.boundaryField"
Using #calcEntry at line 29 in file "/scratch/bmanden/FZK-Haus_2/005m_directions/90_degrees/0/k.boundaryField"
Using #calcEntry at line 31 in file "/scratch/bmanden/FZK-Haus_2/005m_directions/90_degrees/0/k.boundaryField"
Using #calcEntry at line 32 in file "/scratch/bmanden/FZK-Haus_2/005m_directions/90_degrees/0/k.boundaryField"
Using #calcEntry at line 19 in file "/scratch/bmanden/FZK-Haus_2/005m_directions/90_degrees/0/nut.boundaryField"
Using #calcEntry at line 20 in file "/scratch/bmanden/FZK-Haus_2/005m_directions/90_degrees/0/nut.boundaryField"
Using #calcEntry at line 21 in file "/scratch/bmanden/FZK-Haus_2/005m_directions/90_degrees/0/nut.boundaryField"
Using #calcEntry at line 23 in file "/scratch/bmanden/FZK-Haus_2/005m_directions/90_degrees/0/nut.boundaryField"
Using #calcEntry at line 24 in file "/scratch/bmanden/FZK-Haus_2/005m_directions/90_degrees/0/nut.boundaryField"
Using #calcEntry at line 25 in file "/scratch/bmanden/FZK-Haus_2/005m_directions/90_degrees/0/nut.boundaryField"
Using #calcEntry at line 26 in file "/scratch/bmanden/FZK-Haus_2/005m_directions/90_degrees/0/nut.boundaryField"
Using #calcEntry at line 27 in file "/scratch/bmanden/FZK-Haus_2/005m_directions/90_degrees/0/nut.boundaryField"
Using #calcEntry at line 28 in file "/scratch/bmanden/FZK-Haus_2/005m_directions/90_degrees/0/nut.boundaryField"
Using #calcEntry at line 29 in file "/scratch/bmanden/FZK-Haus_2/005m_directions/90_degrees/0/nut.boundaryField"
Using #calcEntry at line 31 in file "/scratch/bmanden/FZK-Haus_2/005m_directions/90_degrees/0/nut.boundaryField"
Using #calcEntry at line 32 in file "/scratch/bmanden/FZK-Haus_2/005m_directions/90_degrees/0/nut.boundaryField"
Using #calcEntry at line 19 in file "/scratch/bmanden/FZK-Haus_2/005m_directions/90_degrees/0/p"
Using #calcEntry at line 20 in file "/scratch/bmanden/FZK-Haus_2/005m_directions/90_degrees/0/p"
Using #calcEntry at line 21 in file "/scratch/bmanden/FZK-Haus_2/005m_directions/90_degrees/0/p"
Using #calcEntry at line 23 in file "/scratch/bmanden/FZK-Haus_2/005m_directions/90_degrees/0/p"
Using #calcEntry at line 24 in file "/scratch/bmanden/FZK-Haus_2/005m_directions/90_degrees/0/p"
Using #calcEntry at line 25 in file "/scratch/bmanden/FZK-Haus_2/005m_directions/90_degrees/0/p"
Using #calcEntry at line 26 in file "/scratch/bmanden/FZK-Haus_2/005m_directions/90_degrees/0/p"
Using #calcEntry at line 27 in file "/scratch/bmanden/FZK-Haus_2/005m_directions/90_degrees/0/p"
Using #calcEntry at line 28 in file "/scratch/bmanden/FZK-Haus_2/005m_directions/90_degrees/0/p"
Using #calcEntry at line 29 in file "/scratch/bmanden/FZK-Haus_2/005m_directions/90_degrees/0/p"
Using #calcEntry at line 31 in file "/scratch/bmanden/FZK-Haus_2/005m_directions/90_degrees/0/p"
Using #calcEntry at line 32 in file "/scratch/bmanden/FZK-Haus_2/005m_directions/90_degrees/0/p"
Using #calcEntry at line 19 in file "/scratch/bmanden/FZK-Haus_2/005m_directions/90_degrees/0/p.boundaryField"
Using #calcEntry at line 20 in file "/scratch/bmanden/FZK-Haus_2/005m_directions/90_degrees/0/p.boundaryField"
Using #calcEntry at line 21 in file "/scratch/bmanden/FZK-Haus_2/005m_directions/90_degrees/0/p.boundaryField"
Using #calcEntry at line 23 in file "/scratch/bmanden/FZK-Haus_2/005m_directions/90_degrees/0/p.boundaryField"
Using #calcEntry at line 24 in file "/scratch/bmanden/FZK-Haus_2/005m_directions/90_degrees/0/p.boundaryField"
Using #calcEntry at line 25 in file "/scratch/bmanden/FZK-Haus_2/005m_directions/90_degrees/0/p.boundaryField"
Using #calcEntry at line 26 in file "/scratch/bmanden/FZK-Haus_2/005m_directions/90_degrees/0/p.boundaryField"
Using #calcEntry at line 27 in file "/scratch/bmanden/FZK-Haus_2/005m_directions/90_degrees/0/p.boundaryField"
Using #calcEntry at line 28 in file "/scratch/bmanden/FZK-Haus_2/005m_directions/90_degrees/0/p.boundaryField"
Using #calcEntry at line 29 in file "/scratch/bmanden/FZK-Haus_2/005m_directions/90_degrees/0/p.boundaryField"
Using #calcEntry at line 31 in file "/scratch/bmanden/FZK-Haus_2/005m_directions/90_degrees/0/p.boundaryField"
Using #calcEntry at line 32 in file "/scratch/bmanden/FZK-Haus_2/005m_directions/90_degrees/0/p.boundaryField"
Using #calcEntry at line 19 in file "/scratch/bmanden/FZK-Haus_2/005m_directions/90_degrees/0/U"
Using #calcEntry at line 20 in file "/scratch/bmanden/FZK-Haus_2/005m_directions/90_degrees/0/U"
Using #calcEntry at line 21 in file "/scratch/bmanden/FZK-Haus_2/005m_directions/90_degrees/0/U"
Using #calcEntry at line 23 in file "/scratch/bmanden/FZK-Haus_2/005m_directions/90_degrees/0/U"
Using #calcEntry at line 24 in file "/scratch/bmanden/FZK-Haus_2/005m_directions/90_degrees/0/U"
Using #calcEntry at line 25 in file "/scratch/bmanden/FZK-Haus_2/005m_directions/90_degrees/0/U"
Using #calcEntry at line 26 in file "/scratch/bmanden/FZK-Haus_2/005m_directions/90_degrees/0/U"
Using #calcEntry at line 27 in file "/scratch/bmanden/FZK-Haus_2/005m_directions/90_degrees/0/U"
Using #calcEntry at line 28 in file "/scratch/bmanden/FZK-Haus_2/005m_directions/90_degrees/0/U"
Using #calcEntry at line 29 in file "/scratch/bmanden/FZK-Haus_2/005m_directions/90_degrees/0/U"
Using #calcEntry at line 31 in file "/scratch/bmanden/FZK-Haus_2/005m_directions/90_degrees/0/U"
Using #calcEntry at line 32 in file "/scratch/bmanden/FZK-Haus_2/005m_directions/90_degrees/0/U"
Using #calcEntry at line 19 in file "/scratch/bmanden/FZK-Haus_2/005m_directions/90_degrees/0/U.boundaryField"
Using #calcEntry at line 20 in file "/scratch/bmanden/FZK-Haus_2/005m_directions/90_degrees/0/U.boundaryField"
Using #calcEntry at line 21 in file "/scratch/bmanden/FZK-Haus_2/005m_directions/90_degrees/0/U.boundaryField"
Using #calcEntry at line 23 in file "/scratch/bmanden/FZK-Haus_2/005m_directions/90_degrees/0/U.boundaryField"
Using #calcEntry at line 24 in file "/scratch/bmanden/FZK-Haus_2/005m_directions/90_degrees/0/U.boundaryField"
Using #calcEntry at line 25 in file "/scratch/bmanden/FZK-Haus_2/005m_directions/90_degrees/0/U.boundaryField"
Using #calcEntry at line 26 in file "/scratch/bmanden/FZK-Haus_2/005m_directions/90_degrees/0/U.boundaryField"
Using #calcEntry at line 27 in file "/scratch/bmanden/FZK-Haus_2/005m_directions/90_degrees/0/U.boundaryField"
Using #calcEntry at line 28 in file "/scratch/bmanden/FZK-Haus_2/005m_directions/90_degrees/0/U.boundaryField"
Using #calcEntry at line 29 in file "/scratch/bmanden/FZK-Haus_2/005m_directions/90_degrees/0/U.boundaryField"
Using #calcEntry at line 31 in file "/scratch/bmanden/FZK-Haus_2/005m_directions/90_degrees/0/U.boundaryField"
Using #calcEntry at line 32 in file "/scratch/bmanden/FZK-Haus_2/005m_directions/90_degrees/0/U.boundaryField"
Using #calcEntry at line 19 in file "/scratch/bmanden/FZK-Haus_2/005m_directions/90_degrees/0/U.boundaryField.inletOutlet"
Using #calcEntry at line 20 in file "/scratch/bmanden/FZK-Haus_2/005m_directions/90_degrees/0/U.boundaryField.inletOutlet"
Using #calcEntry at line 21 in file "/scratch/bmanden/FZK-Haus_2/005m_directions/90_degrees/0/U.boundaryField.inletOutlet"
Using #calcEntry at line 23 in file "/scratch/bmanden/FZK-Haus_2/005m_directions/90_degrees/0/U.boundaryField.inletOutlet"
Using #calcEntry at line 24 in file "/scratch/bmanden/FZK-Haus_2/005m_directions/90_degrees/0/U.boundaryField.inletOutlet"
Using #calcEntry at line 25 in file "/scratch/bmanden/FZK-Haus_2/005m_directions/90_degrees/0/U.boundaryField.inletOutlet"
Using #calcEntry at line 26 in file "/scratch/bmanden/FZK-Haus_2/005m_directions/90_degrees/0/U.boundaryField.inletOutlet"
Using #calcEntry at line 27 in file "/scratch/bmanden/FZK-Haus_2/005m_directions/90_degrees/0/U.boundaryField.inletOutlet"
Using #calcEntry at line 28 in file "/scratch/bmanden/FZK-Haus_2/005m_directions/90_degrees/0/U.boundaryField.inletOutlet"
Using #calcEntry at line 29 in file "/scratch/bmanden/FZK-Haus_2/005m_directions/90_degrees/0/U.boundaryField.inletOutlet"
Using #calcEntry at line 31 in file "/scratch/bmanden/FZK-Haus_2/005m_directions/90_degrees/0/U.boundaryField.inletOutlet"
Using #calcEntry at line 32 in file "/scratch/bmanden/FZK-Haus_2/005m_directions/90_degrees/0/U.boundaryField.inletOutlet"
Using #calcEntry at line 19 in file "/scratch/bmanden/FZK-Haus_2/005m_directions/90_degrees/0/U.boundaryField.top"
Using #calcEntry at line 20 in file "/scratch/bmanden/FZK-Haus_2/005m_directions/90_degrees/0/U.boundaryField.top"
Using #calcEntry at line 21 in file "/scratch/bmanden/FZK-Haus_2/005m_directions/90_degrees/0/U.boundaryField.top"
Using #calcEntry at line 23 in file "/scratch/bmanden/FZK-Haus_2/005m_directions/90_degrees/0/U.boundaryField.top"
Using #calcEntry at line 24 in file "/scratch/bmanden/FZK-Haus_2/005m_directions/90_degrees/0/U.boundaryField.top"
Using #calcEntry at line 25 in file "/scratch/bmanden/FZK-Haus_2/005m_directions/90_degrees/0/U.boundaryField.top"
Using #calcEntry at line 26 in file "/scratch/bmanden/FZK-Haus_2/005m_directions/90_degrees/0/U.boundaryField.top"
Using #calcEntry at line 27 in file "/scratch/bmanden/FZK-Haus_2/005m_directions/90_degrees/0/U.boundaryField.top"
Using #calcEntry at line 28 in file "/scratch/bmanden/FZK-Haus_2/005m_directions/90_degrees/0/U.boundaryField.top"
Using #calcEntry at line 29 in file "/scratch/bmanden/FZK-Haus_2/005m_directions/90_degrees/0/U.boundaryField.top"
Using #calcEntry at line 31 in file "/scratch/bmanden/FZK-Haus_2/005m_directions/90_degrees/0/U.boundaryField.top"
Using #calcEntry at line 32 in file "/scratch/bmanden/FZK-Haus_2/005m_directions/90_degrees/0/U.boundaryField.top"

Processor 0: field transfer
Processor 1: field transfer
Processor 2: field transfer
Processor 3: field transfer
Processor 4: field transfer
Processor 5: field transfer
Processor 6: field transfer
Processor 7: field transfer
Processor 8: field transfer
Processor 9: field transfer
Processor 10: field transfer
Processor 11: field transfer
Processor 12: field transfer
Processor 13: field transfer
Processor 14: field transfer
Processor 15: field transfer
Processor 16: field transfer
Processor 17: field transfer
Processor 18: field transfer
Processor 19: field transfer
Processor 20: field transfer
Processor 21: field transfer
Processor 22: field transfer
Processor 23: field transfer
Processor 24: field transfer
Processor 25: field transfer
Processor 26: field transfer
Processor 27: field transfer
Processor 28: field transfer
Processor 29: field transfer
Processor 30: field transfer
Processor 31: field transfer

End

