/*---------------------------------------------------------------------------*\
  =========                 |
  \\      /  F ield         | OpenFOAM: The Open Source CFD Toolbox
   \\    /   O peration     | Website:  https://openfoam.org
    \\  /    A nd           | Version:  7
     \\/     M anipulation  |
\*---------------------------------------------------------------------------*/
Build  : 7-63349425784a
Exec   : /home/bmanden/OpenFOAM-7/platforms/linux64GccDPInt32Opt/bin/reconstructPar -latestTime
Date   : Sep 03 2025
Time   : 11:32:06
Host   : "cmp236"
PID    : 1008304
I/O    : uncollated
Case   : /scratch/bmanden/FZK-Haus_2/005m_directions/360_degrees
nProcs : 1
sigFpe : Enabling floating point exception trapping (FOAM_SIGFPE).
fileModificationChecking : Monitoring run-time modified files using timeStampMaster (fileModificationSkew 10)
allowSystemOperations : Allowing user-supplied system call operations

// * * * * * * * * * * * * * * * * * * * * * * * * * * * * * * * * * * * * * //
Create time



Reconstructing fields for mesh region0

Time = 2000

Reconstructing FV fields

    Reconstructing volScalarFields

        p
        nut
        k
        epsilon

    Reconstructing volVectorFields

        U

    Reconstructing surfaceScalarFields

        phi

Reconstructing point fields

No point fields

No lagrangian fields


End

