/*---------------------------------------------------------------------------*\
  =========                 |
  \\      /  F ield         | OpenFOAM: The Open Source CFD Toolbox
   \\    /   O peration     | Website:  https://openfoam.org
    \\  /    A nd           | Version:  7
     \\/     M anipulation  |
\*---------------------------------------------------------------------------*/
Build  : 7-63349425784a
Exec   : /home/bmanden/OpenFOAM-7/platforms/linux64GccDPInt32Opt/bin/postProcess -dict system/sampleDict -fields (U p k epsilon)
Date   : Sep 11 2025
Time   : 04:10:15
Host   : "cmp247"
PID    : 3776957
I/O    : uncollated
Case   : /scratch/bmanden/FZK-Haus_2/results/truth/360_degrees
nProcs : 1
sigFpe : Enabling floating point exception trapping (FOAM_SIGFPE).
fileModificationChecking : Monitoring run-time modified files using timeStampMaster (fileModificationSkew 10)
allowSystemOperations : Allowing user-supplied system call operations

// * * * * * * * * * * * * * * * * * * * * * * * * * * * * * * * * * * * * * //
Create time

Create mesh for time = 2000

Reading surface description:
    z_0.5
    z_1.0
    z_1.5
    z_2.0
    z_2.5
    z_3.0

Time = 2000

Reading fields:
    volScalarFields: p k epsilon
    volVectorFields: U

Executing functionObjects
--> FOAM Warning : 
    From function static bool Foam::cuttingPlane::walkCell(const Foam::primitiveMesh&, const labelUList&, Foam::label, Foam::label, Foam::DynamicList<int>&)
    in file cuttingPlane/cuttingPlane.C at line 238
    Did not find closed walk along surface of cell 13359659 starting from edge 44443106 in 1001 iterations.
Collected cutPoints so far:
1001
(
44073
44071
44084
44085
44071
44084
44085
44071
44084
44085
44071
44084
44085
44071
44084
44085
44071
44084
44085
44071
44084
44085
44071
44084
44085
44071
44084
44085
44071
44084
44085
44071
44084
44085
44071
44084
44085
44071
44084
44085
44071
44084
44085
44071
44084
44085
44071
44084
44085
44071
44084
44085
44071
44084
44085
44071
44084
44085
44071
44084
44085
44071
44084
44085
44071
44084
44085
44071
44084
44085
44071
44084
44085
44071
44084
44085
44071
44084
44085
44071
44084
44085
44071
44084
44085
44071
44084
44085
44071
44084
44085
44071
44084
44085
44071
44084
44085
44071
44084
44085
44071
44084
44085
44071
44084
44085
44071
44084
44085
44071
44084
44085
44071
44084
44085
44071
44084
44085
44071
44084
44085
44071
44084
44085
44071
44084
44085
44071
44084
44085
44071
44084
44085
44071
44084
44085
44071
44084
44085
44071
44084
44085
44071
44084
44085
44071
44084
44085
44071
44084
44085
44071
44084
44085
44071
44084
44085
44071
44084
44085
44071
44084
44085
44071
44084
44085
44071
44084
44085
44071
44084
44085
44071
44084
44085
44071
44084
44085
44071
44084
44085
44071
44084
44085
44071
44084
44085
44071
44084
44085
44071
44084
44085
44071
44084
44085
44071
44084
44085
44071
44084
44085
44071
44084
44085
44071
44084
44085
44071
44084
44085
44071
44084
44085
44071
44084
44085
44071
44084
44085
44071
44084
44085
44071
44084
44085
44071
44084
44085
44071
44084
44085
44071
44084
44085
44071
44084
44085
44071
44084
44085
44071
44084
44085
44071
44084
44085
44071
44084
44085
44071
44084
44085
44071
44084
44085
44071
44084
44085
44071
44084
44085
44071
44084
44085
44071
44084
44085
44071
44084
44085
44071
44084
44085
44071
44084
44085
44071
44084
44085
44071
44084
44085
44071
44084
44085
44071
44084
44085
44071
44084
44085
44071
44084
44085
44071
44084
44085
44071
44084
44085
44071
44084
44085
44071
44084
44085
44071
44084
44085
44071
44084
44085
44071
44084
44085
44071
44084
44085
44071
44084
44085
44071
44084
44085
44071
44084
44085
44071
44084
44085
44071
44084
44085
44071
44084
44085
44071
44084
44085
44071
44084
44085
44071
44084
44085
44071
44084
44085
44071
44084
44085
44071
44084
44085
44071
44084
44085
44071
44084
44085
44071
44084
44085
44071
44084
44085
44071
44084
44085
44071
44084
44085
44071
44084
44085
44071
44084
44085
44071
44084
44085
44071
44084
44085
44071
44084
44085
44071
44084
44085
44071
44084
44085
44071
44084
44085
44071
44084
44085
44071
44084
44085
44071
44084
44085
44071
44084
44085
44071
44084
44085
44071
44084
44085
44071
44084
44085
44071
44084
44085
44071
44084
44085
44071
44084
44085
44071
44084
44085
44071
44084
44085
44071
44084
44085
44071
44084
44085
44071
44084
44085
44071
44084
44085
44071
44084
44085
44071
44084
44085
44071
44084
44085
44071
44084
44085
44071
44084
44085
44071
44084
44085
44071
44084
44085
44071
44084
44085
44071
44084
44085
44071
44084
44085
44071
44084
44085
44071
44084
44085
44071
44084
44085
44071
44084
44085
44071
44084
44085
44071
44084
44085
44071
44084
44085
44071
44084
44085
44071
44084
44085
44071
44084
44085
44071
44084
44085
44071
44084
44085
44071
44084
44085
44071
44084
44085
44071
44084
44085
44071
44084
44085
44071
44084
44085
44071
44084
44085
44071
44084
44085
44071
44084
44085
44071
44084
44085
44071
44084
44085
44071
44084
44085
44071
44084
44085
44071
44084
44085
44071
44084
44085
44071
44084
44085
44071
44084
44085
44071
44084
44085
44071
44084
44085
44071
44084
44085
44071
44084
44085
44071
44084
44085
44071
44084
44085
44071
44084
44085
44071
44084
44085
44071
44084
44085
44071
44084
44085
44071
44084
44085
44071
44084
44085
44071
44084
44085
44071
44084
44085
44071
44084
44085
44071
44084
44085
44071
44084
44085
44071
44084
44085
44071
44084
44085
44071
44084
44085
44071
44084
44085
44071
44084
44085
44071
44084
44085
44071
44084
44085
44071
44084
44085
44071
44084
44085
44071
44084
44085
44071
44084
44085
44071
44084
44085
44071
44084
44085
44071
44084
44085
44071
44084
44085
44071
44084
44085
44071
44084
44085
44071
44084
44085
44071
44084
44085
44071
44084
44085
44071
44084
44085
44071
44084
44085
44071
44084
44085
44071
44084
44085
44071
44084
44085
44071
44084
44085
44071
44084
44085
44071
44084
44085
44071
44084
44085
44071
44084
44085
44071
44084
44085
44071
44084
44085
44071
44084
44085
44071
44084
44085
44071
44084
44085
44071
44084
44085
44071
44084
44085
44071
44084
44085
44071
44084
44085
44071
44084
44085
44071
44084
44085
44071
44084
44085
44071
44084
44085
44071
44084
44085
44071
44084
44085
44071
44084
44085
44071
44084
44085
44071
44084
44085
44071
44084
44085
44071
44084
44085
44071
44084
44085
44071
44084
44085
44071
44084
44085
44071
44084
44085
44071
44084
44085
44071
44084
44085
44071
44084
44085
44071
44084
44085
44071
44084
44085
44071
44084
44085
44071
44084
44085
44071
44084
44085
44071
44084
44085
44071
44084
44085
44071
44084
44085
44071
44084
44085
44071
44084
44085
44071
44084
44085
44071
44084
44085
44071
44084
44085
44071
44084
44085
44071
44084
44085
44071
44084
44085
44071
44084
44085
44071
44084
44085
44071
44084
44085
44071
44084
44085
44071
44084
44085
44071
44084
44085
44071
44084
44085
44071
44084
44085
44071
44084
44085
44071
44084
44085
44071
44084
44085
44071
44084
44085
44071
44084
44085
44071
44084
44085
44071
44084
44085
44071
44084
44085
44071
44084
44085
44071
44084
44085
44071
44084
44085
44071
44084
44085
44071
44084
44085
44071
44084
44085
44071
44084
44085
44071
44084
44085
44071
44084
44085
44071
44084
44085
44071
44084
44085
44071
44084
44085
44071
44084
44085
44071
44084
44085
44071
44084
44085
44071
44084
44085
44071
44084
44085
44071
44084
44085
44071
44084
44085
44071
44084
44085
44071
44084
44085
44071
44084
44085
44071
44084
44085
44071
44084
44085
44071
44084
44085
44071
44084
44085
44071
44084
44085
44071
44084
44085
44071
44084
44085
44071
44084
44085
44071
44084
44085
44071
44084
44085
44071
44084
44085
44071
44084
44085
44071
44084
44085
44071
44084
44085
44071
44084
44085
44071
44084
44085
44071
44084
44085
44071
44084
44085
44071
44084
44085
44071
)

--> FOAM Warning : 
    From function Foam::triFace Foam::tetIndices::faceTriIs(const Foam::polyMesh&) const
    in file /home/bmanden/OpenFOAM-7/src/OpenFOAM/lnInclude/tetIndicesI.H at line 76
    No base point for face 58037288, 4(16930441 16930139 16930332 16930006), produces a valid tet decomposition.

End

